exports[`test Avatar default renders 1`] = `
<img
  className="demo-avatar demo-avatar-type-round demo-avatar-theme-light"
  src="http://success.grownupgeek.com/wp-content/uploads/2013/01/no-avatar.png" />
`;
